
 RUN  v4.1.5 /var/www/html/creole-knowledge-portal

stdout | components/ai-interview-manager.test.tsx > AIInterviewManager > shows an error when submitting without candidate name
DOM dump: <div><div class="bg-white dark:bg-[#2b2b2b] rounded-2xl shadow-card border border-[#d9d9d9] dark:border-[#4a4a4a] overflow-hidden"><div class="p-8 border-b border-[#d9d9d9] dark:border-[#4a4a4a]"><div class="flex items-center space-x-3 mb-2"><div class="p-2 bg-[#34c4f2]/10 rounded-lg"><svg xmlns="http://www.w3.org/2000/svg" width="24" height="24" viewBox="0 0 24 24" fill="none" stroke="currentColor" stroke-width="2" stroke-linecap="round" stroke-linejoin="round" class="lucide lucide-cloud-upload text-[#34c4f2] w-5 h-5" aria-hidden="true"><path d="M12 13v8"></path><path d="M4 14.899A7 7 0 1 1 15.71 8h1.79a4.5 4.5 0 0 1 2.5 8.242"></path><path d="m8 17 4-4 4 4"></path></svg></div><h2 class="text-2xl font-bold text-[#1f1f1f] dark:text-white">AI Interview — Create Session</h2></div><p class="text-[#4a4a4a] dark:text-[#9f9f9f] text-sm leading-relaxed max-w-2xl">Upload the candidate's resume and the job description. We'll generate a private interview link and a one-time passcode you can share with the candidate.</p></div><form class="p-8 space-y-6"><div class="grid grid-cols-1 md:grid-cols-2 lg:grid-cols-4 gap-4"><input id="candidate-name" required="" placeholder="Candidate name *" class="px-4 py-3 bg-zinc-50 dark:bg-[#1f1f1f] border border-[#d9d9d9] dark:border-[#4a4a4a] rounded-xl focus:outline-none focus:ring-2 focus:ring-[#34c4f2] text-[#1f1f1f] dark:text-white placeholder-[#9f9f9f] text-sm" type="text" value=""><input id="candidate-email" required="" placeholder="Candidate email *" class="px-4 py-3 bg-zinc-50 dark:bg-[#1f1f1f] border border-[#d9d9d9] dark:border-[#4a4a4a] rounded-xl focus:outline-none focus:ring-2 focus:ring-[#34c4f2] text-[#1f1f1f] dark:text-white placeholder-[#9f9f9f] text-sm" type="email" value=""><input id="job-title" placeholder="Job title (optional)" class="px-4 py-3 bg-zinc-50 dark:bg-[#1f1f1f] border border-[#d9d9d9] dark:border-[#4a4a4a] rounded-xl focus:outline-none focus:ring-2 focus:ring-[#34c4f2] text-[#1f1f1f] dark:text-white placeholder-[#9f9f9f] text-sm" type="text" value=""><input id="zoho-link" placeholder="Zoho Recruiter Link (optional)" class="px-4 py-3 bg-zinc-50 dark:bg-[#1f1f1f] border border-[#d9d9d9] dark:border-[#4a4a4a] rounded-xl focus:outline-none focus:ring-2 focus:ring-[#34c4f2] text-[#1f1f1f] dark:text-white placeholder-[#9f9f9f] text-sm" type="url" value=""></div><label for="resume-upload" class="flex flex-col items-center justify-center gap-2 p-6 border-2 border-dashed border-[#d9d9d9] dark:border-[#4a4a4a] rounded-2xl cursor-pointer hover:border-[#34c4f2] hover:bg-[#34c4f2]/5 bg-zinc-50 dark:bg-[#1f1f1f] transition-all"><svg xmlns="http://www.w3.org/2000/svg" width="24" height="24" viewBox="0 0 24 24" fill="none" stroke="currentColor" stroke-width="2" stroke-linecap="round" stroke-linejoin="round" class="lucide lucide-file-text w-6 h-6 text-[#34c4f2]" aria-hidden="true"><path d="M6 22a2 2 0 0 1-2-2V4a2 2 0 0 1 2-2h8a2.4 2.4 0 0 1 1.704.706l3.588 3.588A2.4 2.4 0 0 1 20 8v12a2 2 0 0 1-2 2z"></path><path d="M14 2v5a1 1 0 0 0 1 1h5"></path><path d="M10 9H8"></path><path d="M16 13H8"></path><path d="M16 17H8"></path></svg><span class="text-sm font-bold text-[#1f1f1f] dark:text-white">Upload Resume</span><span class="text-[10px] uppercase tracking-widest text-[#4a4a4a] dark:text-[#9f9f9f]">PDF, DOC, DOCX, TXT — max 10 MB</span><input id="resume-upload" accept=".pdf,.doc,.docx,.txt" class="hidden" type="file"></label><div class="space-y-3"><div class="flex items-center justify-between"><span class="text-xs font-bold uppercase tracking-widest text-[#4a4a4a] dark:text-[#9f9f9f]">Job Description</span><div class="flex bg-zinc-100 dark:bg-[#1f1f1f] rounded-lg p-1"><button id="jd-mode-text" type="button" class="flex items-center gap-1.5 px-3 py-1.5 rounded-md text-xs font-bold transition-all cursor-pointer bg-[#34c4f2] text-[#1f1f1f] shadow-sm"><svg xmlns="http://www.w3.org/2000/svg" width="24" height="24" viewBox="0 0 24 24" fill="none" stroke="currentColor" stroke-width="2" stroke-linecap="round" stroke-linejoin="round" class="lucide lucide-clipboard-paste w-3.5 h-3.5" aria-hidden="true"><path d="M11 14h10"></path><path d="M16 4h2a2 2 0 0 1 2 2v1.344"></path><path d="m17 18 4-4-4-4"></path><path d="M8 4H6a2 2 0 0 0-2 2v14a2 2 0 0 0 2 2h12a2 2 0 0 0 1.793-1.113"></path><rect x="8" y="2" width="8" height="4" rx="1"></rect></svg>Paste Text</button><button id="jd-mode-file" type="button" class="flex items-center gap-1.5 px-3 py-1.5 rounded-md text-xs font-bold transition-all cursor-pointer text-[#4a4a4a] dark:text-[#9f9f9f]"><svg xmlns="http://www.w3.org/2000/svg" width="24" height="24" viewBox="0 0 24 24" fill="none" stroke="currentColor" stroke-width="2" stroke-linecap="round" stroke-linejoin="round" class="lucide lucide-file-text w-3.5 h-3.5" aria-hidden="true"><path d="M6 22a2 2 0 0 1-2-2V4a2 2 0 0 1 2-2h8a2.4 2.4 0 0 1 1.704.706l3.588 3.588A2.4 2.4 0 0 1 20 8v12a2 2 0 0 1-2 2z"></path><path d="M14 2v5a1 1 0 0 0 1 1h5"></path><path d="M10 9H8"></path><path d="M16 13H8"></path><path d="M16 17H8"></path></svg>Upload File</button></div></div><textarea id="jd-text" placeholder="Paste the job description here..." rows="6" maxlength="20000" class="w-full p-4 bg-zinc-50 dark:bg-[#1f1f1f] border border-[#d9d9d9] dark:border-[#4a4a4a] rounded-xl focus:outline-none focus:ring-2 focus:ring-[#34c4f2] text-[#1f1f1f] dark:text-white placeholder-[#9f9f9f] text-sm resize-y"></textarea></div><button id="create-interview-submit" type="submit" class="w-full bg-[#34c4f2] hover:bg-[#2db0db] text-zinc-900 font-black py-5 rounded-2xl transition-all shadow-xl shadow-[#34c4f2]/30 flex items-center justify-center space-x-3 active:scale-[0.98] disabled:opacity-70 disabled:cursor-not-allowed uppercase tracking-[0.2em] text-sm"><svg xmlns="http://www.w3.org/2000/svg" width="24" height="24" viewBox="0 0 24 24" fill="none" stroke="currentColor" stroke-width="2" stroke-linecap="round" stroke-linejoin="round" class="lucide lucide-cloud-upload w-5 h-5" aria-hidden="true"><path d="M12 13v8"></path><path d="M4 14.899A7 7 0 1 1 15.71 8h1.79a4.5 4.5 0 0 1 2.5 8.242"></path><path d="m8 17 4-4 4 4"></path></svg><span>Analyze Resume &amp; JD</span></button></form><div class="p-8 bg-zinc-50/50 dark:bg-[#1f1f1f] border-t border-[#d9d9d9] dark:border-[#4a4a4a]"><h3 class="text-xs font-bold uppercase tracking-widest text-[#4a4a4a] dark:text-[#9f9f9f] mb-4">Recent Interviews</h3><p class="text-sm text-[#4a4a4a] dark:text-[#9f9f9f]">No interviews created yet.</p></div></div></div>

 ❯ components/ai-interview-manager.test.tsx (11 tests | 1 failed) 21022ms
     ✓ loads and displays existing interviews 104ms
     × shows an error when submitting without candidate name 20031ms
     ✓ shows an error when submitting without files 191ms
     ✓ requires JD text (or a file) when a resume is attached 59ms
     ✓ analyzing the resume/JD shows the analysis and hands off to question selection 68ms
     ✓ analyzes using an uploaded JD file when file mode is selected 68ms
     ✓ surfaces the analysis error message when extraction fails, without reaching question selection 58ms
     ✓ completing question selection creates the session/invite and shows the link + passcode + questions 171ms
     ✓ surfaces a stage-specific error when session/invite creation fails after question selection 153ms
     ✓ opens a link + passcode popup when a recent interview name is clicked, and closes it 61ms
     ✓ copies the link and passcode from the popup 55ms

 Test Files  1 failed (1)
      Tests  1 failed | 10 passed (11)
   Start at  12:59:57
   Duration  22.67s (transform 130ms, setup 203ms, import 438ms, tests 21.02s, environment 886ms)

