+--------------------- Traceback (most recent call last) ----------------------+
| C:\Users\juzar\creole-knowledge-portal\fetch-blogs\.venv\Lib\site-packages\f |
| astapi_cli\cli.py:145 in _run                                                |
|                                                                              |
|   142     with get_rich_toolkit() as toolkit:                                |
|   143         server_type = "development" if command == "dev" else           |
|       "production"                                                           |
|   144                                                                        |
| > 145         toolkit.print_title(f"Starting {server_type} server \U0001f680",       |
|       tag="FastAPI")                                                         |
|   146         toolkit.print_line()                                           |
|   147                                                                        |
|   148         toolkit.print(                                                 |
|                                                                              |
| C:\Users\juzar\creole-knowledge-portal\fetch-blogs\.venv\Lib\site-packages\r |
| ich_toolkit\toolkit.py:172 in print_title                                    |
|                                                                              |
|   169         if self.mode == "json":                                        |
|   170             return                                                     |
|   171                                                                        |
| > 172         self.console.print(                                            |
|   173             self.style.render_element(title, title=True, **metadata),  |
|       end=end                                                                |
|   174         )                                                              |
|   175                                                                        |
|                                                                              |
| C:\Users\juzar\creole-knowledge-portal\fetch-blogs\.venv\Lib\site-packages\r |
| ich\console.py:1704 in print                                                 |
|                                                                              |
|   1701                 overflow = "ignore"                                   |
|   1702             crop = False                                              |
|   1703         render_hooks = self._render_hooks[:]                          |
| > 1704         with self:                                                    |
|   1705             renderables = self._collect_renderables(                  |
|   1706                 objects,                                              |
|   1707                 sep,                                                  |
|                                                                              |
| C:\Users\juzar\creole-knowledge-portal\fetch-blogs\.venv\Lib\site-packages\r |
| ich\console.py:864 in __exit__                                               |
|                                                                              |
|    861                                                                       |
|    862     def __exit__(self, exc_type: Any, exc_value: Any, traceback: Any) |
|        -> None:                                                              |
|    863         """Exit buffer context."""                                    |
| >  864         self._exit_buffer()                                           |
|    865                                                                       |
|    866     def begin_capture(self) -> None:                                  |
|    867         """Begin capturing console output. Call :meth:`end_capture`   |
|        to exit capture mode and return output."""                            |
|                                                                              |
| C:\Users\juzar\creole-knowledge-portal\fetch-blogs\.venv\Lib\site-packages\r |
| ich\console.py:820 in _exit_buffer                                           |
|                                                                              |
|    817     def _exit_buffer(self) -> None:                                   |
|    818         """Leave buffer context, and render content if required."""   |
|    819         self._buffer_index -= 1                                       |
| >  820         self._check_buffer()                                          |
|    821                                                                       |
|    822     def set_live(self, live: "Live") -> bool:                         |
|    823         """Set Live instance. Used by Live context manager (no need   |
|        to call directly).                                                    |
|                                                                              |
| C:\Users\juzar\creole-knowledge-portal\fetch-blogs\.venv\Lib\site-packages\r |
| ich\console.py:2055 in _check_buffer                                         |
|                                                                              |
|   2052             return                                                    |
|   2053                                                                       |
|   2054         try:                                                          |
| > 2055             self._write_buffer()                                      |
|   2056         except BrokenPipeError:                                       |
|   2057             self.on_broken_pipe()                                     |
|   2058                                                                       |
|                                                                              |
| C:\Users\juzar\creole-knowledge-portal\fetch-blogs\.venv\Lib\site-packages\r |
| ich\console.py:2091 in _write_buffer                                         |
|                                                                              |
|   2088                             if self.no_color and self._color_system:  |
|   2089                                 buffer =                              |
|        list(Segment.remove_color(buffer))                                    |
|   2090                                                                       |
| > 2091                             legacy_windows_render(buffer,             |
|        LegacyWindowsTerm(self.file))                                         |
|   2092                         else:                                         |
|   2093                             # Either a non-std stream on legacy       |
|        Windows, or modern Windows.                                           |
|   2094                             text =                                    |
|        self._render_buffer(self._buffer[:])                                  |
|                                                                              |
| C:\Users\juzar\creole-knowledge-portal\fetch-blogs\.venv\Lib\site-packages\r |
| ich\_windows_renderer.py:19 in legacy_windows_render                         |
|                                                                              |
|   16             if style:                                                   |
|   17                 term.write_styled(text, style)                          |
|   18             else:                                                       |
| > 19                 term.write_text(text)                                   |
|   20         else:                                                           |
|   21             control_codes: Sequence[ControlCode] = control              |
|   22             for control_code in control_codes:                          |
|                                                                              |
| C:\Users\juzar\creole-knowledge-portal\fetch-blogs\.venv\Lib\site-packages\r |
| ich\_win32_console.py:402 in write_text                                      |
|                                                                              |
|   399         Args:                                                          |
|   400             text (str): The text to write to the console               |
|   401         """                                                            |
| > 402         self.write(text)                                               |
|   403         self.flush()                                                   |
|   404                                                                        |
|   405     def write_styled(self, text: str, style: Style) -> None:           |
|                                                                              |
| C:\Users\juzar\AppData\Local\Programs\Python\Python313\Lib\encodings\cp1252. |
| py:19 in encode                                                              |
|                                                                              |
|    16                                                                        |
|    17 class IncrementalEncoder(codecs.IncrementalEncoder):                   |
|    18     def encode(self, input, final=False):                              |
| >  19         return                                                         |
|       codecs.charmap_encode(input,self.errors,encoding_table)[0]             |
|    20                                                                        |
|    21 class IncrementalDecoder(codecs.IncrementalDecoder):                   |
|    22     def decode(self, input, final=False):                              |
+------------------------------------------------------------------------------+
UnicodeEncodeError: 'charmap' codec can't encode character '\U0001f680' in 
position 28: character maps to <undefined>

During handling of the above exception, another exception occurred:

+--------------------- Traceback (most recent call last) ----------------------+
| C:\Users\juzar\creole-knowledge-portal\fetch-blogs\.venv\Lib\site-packages\f |
| astapi_cli\cli.py:384 in dev                                                 |
|                                                                              |
|   381                                                                        |
|   382     Otherwise, it uses the first [bold]FastAPI[/bold] app found in the |
|       imported module or package.                                            |
|   383     """                                                                |
| > 384     _run(                                                              |
|   385         path=path,                                                     |
|   386         host=host,                                                     |
|   387         port=port,                                                     |
|                                                                              |
| C:\Users\juzar\creole-knowledge-portal\fetch-blogs\.venv\Lib\site-packages\f |
| astapi_cli\cli.py:142 in _run                                                |
|                                                                              |
|   139     forwarded_allow_ips: str | None = None,                            |
|   140     public_url: str | None = None,                                     |
|   141 ) -> None:                                                             |
| > 142     with get_rich_toolkit() as toolkit:                                |
|   143         server_type = "development" if command == "dev" else           |
|       "production"                                                           |
|   144                                                                        |
|   145         toolkit.print_title(f"Starting {server_type} server \U0001f680",       |
|       tag="FastAPI")                                                         |
|                                                                              |
| C:\Users\juzar\creole-knowledge-portal\fetch-blogs\.venv\Lib\site-packages\r |
| ich_toolkit\toolkit.py:164 in __exit__                                       |
|                                                                              |
|   161                                                                        |
|   162         if self.mode == "human":                                       |
|   163             if (renderable := self.style.render_context_exit()) is not |
|       None:                                                                  |
| > 164                 self.console.print(renderable)                         |
|   165                                                                        |
|   166         return None                                                    |
|   167                                                                        |
|                                                                              |
| C:\Users\juzar\creole-knowledge-portal\fetch-blogs\.venv\Lib\site-packages\r |
| ich\console.py:1704 in print                                                 |
|                                                                              |
|   1701                 overflow = "ignore"                                   |
|   1702             crop = False                                              |
|   1703         render_hooks = self._render_hooks[:]                          |
| > 1704         with self:                                                    |
|   1705             renderables = self._collect_renderables(                  |
|   1706                 objects,                                              |
|   1707                 sep,                                                  |
|                                                                              |
| C:\Users\juzar\creole-knowledge-portal\fetch-blogs\.venv\Lib\site-packages\r |
| ich\console.py:864 in __exit__                                               |
|                                                                              |
|    861                                                                       |
|    862     def __exit__(self, exc_type: Any, exc_value: Any, traceback: Any) |
|        -> None:                                                              |
|    863         """Exit buffer context."""                                    |
| >  864         self._exit_buffer()                                           |
|    865                                                                       |
|    866     def begin_capture(self) -> None:                                  |
|    867         """Begin capturing console output. Call :meth:`end_capture`   |
|        to exit capture mode and return output."""                            |
|                                                                              |
| C:\Users\juzar\creole-knowledge-portal\fetch-blogs\.venv\Lib\site-packages\r |
| ich\console.py:820 in _exit_buffer                                           |
|                                                                              |
|    817     def _exit_buffer(self) -> None:                                   |
|    818         """Leave buffer context, and render content if required."""   |
|    819         self._buffer_index -= 1                                       |
| >  820         self._check_buffer()                                          |
|    821                                                                       |
|    822     def set_live(self, live: "Live") -> bool:                         |
|    823         """Set Live instance. Used by Live context manager (no need   |
|        to call directly).                                                    |
|                                                                              |
| C:\Users\juzar\creole-knowledge-portal\fetch-blogs\.venv\Lib\site-packages\r |
| ich\console.py:2055 in _check_buffer                                         |
|                                                                              |
|   2052             return                                                    |
|   2053                                                                       |
|   2054         try:                                                          |
| > 2055             self._write_buffer()                                      |
|   2056         except BrokenPipeError:                                       |
|   2057             self.on_broken_pipe()                                     |
|   2058                                                                       |
|                                                                              |
| C:\Users\juzar\creole-knowledge-portal\fetch-blogs\.venv\Lib\site-packages\r |
| ich\console.py:2091 in _write_buffer                                         |
|                                                                              |
|   2088                             if self.no_color and self._color_system:  |
|   2089                                 buffer =                              |
|        list(Segment.remove_color(buffer))                                    |
|   2090                                                                       |
| > 2091                             legacy_windows_render(buffer,             |
|        LegacyWindowsTerm(self.file))                                         |
|   2092                         else:                                         |
|   2093                             # Either a non-std stream on legacy       |
|        Windows, or modern Windows.                                           |
|   2094                             text =                                    |
|        self._render_buffer(self._buffer[:])                                  |
|                                                                              |
| C:\Users\juzar\creole-knowledge-portal\fetch-blogs\.venv\Lib\site-packages\r |
| ich\_windows_renderer.py:19 in legacy_windows_render                         |
|                                                                              |
|   16             if style:                                                   |
|   17                 term.write_styled(text, style)                          |
|   18             else:                                                       |
| > 19                 term.write_text(text)                                   |
|   20         else:                                                           |
|   21             control_codes: Sequence[ControlCode] = control              |
|   22             for control_code in control_codes:                          |
|                                                                              |
| C:\Users\juzar\creole-knowledge-portal\fetch-blogs\.venv\Lib\site-packages\r |
| ich\_win32_console.py:402 in write_text                                      |
|                                                                              |
|   399         Args:                                                          |
|   400             text (str): The text to write to the console               |
|   401         """                                                            |
| > 402         self.write(text)                                               |
|   403         self.flush()                                                   |
|   404                                                                        |
|   405     def write_styled(self, text: str, style: Style) -> None:           |
|                                                                              |
| C:\Users\juzar\AppData\Local\Programs\Python\Python313\Lib\encodings\cp1252. |
| py:19 in encode                                                              |
|                                                                              |
|    16                                                                        |
|    17 class IncrementalEncoder(codecs.IncrementalEncoder):                   |
|    18     def encode(self, input, final=False):                              |
| >  19         return                                                         |
|       codecs.charmap_encode(input,self.errors,encoding_table)[0]             |
|    20                                                                        |
|    21 class IncrementalDecoder(codecs.IncrementalDecoder):                   |
|    22     def decode(self, input, final=False):                              |
+------------------------------------------------------------------------------+
UnicodeEncodeError: 'charmap' codec can't encode character '\U0001f680' in 
position 28: character maps to <undefined>
